<html>
<body>
<pre>
<h1>µVision Build Log</h1>
<h2>Tool Versions:</h2>
IDE-Version: µVision V5.24.2.0
Copyright (C) 2017 ARM Ltd and ARM Germany GmbH. All rights reserved.
License Information: Yankun Yang, Yang, LIC=EPP8T-RCFC3-C0FN2-9IQ27-DGA9R-Y97X5
 
Tool Versions:
Toolchain:       MDK-ARM Professional  Version: 5.24.1
Toolchain Path:  F:\Keil_v5\ARM\ARMCC\Bin
C Compiler:      Armcc.exe V5.06 update 5 (build 528)
Assembler:       Armasm.exe V5.06 update 5 (build 528)
Linker/Locator:  ArmLink.exe V5.06 update 5 (build 528)
Library Manager: ArmAr.exe V5.06 update 5 (build 528)
Hex Converter:   FromElf.exe V5.06 update 5 (build 528)
CPU DLL:         SARMCM3.DLL V5.24.1
Dialog DLL:      DCM.DLL V1.16.0.0
Target DLL:      STLink\ST-LINKIII-KEIL_SWO.dll V3.0.1.0
Dialog DLL:      TCM.DLL V1.32.0.0
 
<h2>Project:</h2>
D:\Kent\PhD\3-QUADCOPTER\STM32\STM32F407 Discovery\Projects\2-GPIO\2-GPIO.uvprojx
Project File Date:  03/21/2018

<h2>Output:</h2>
*** Using Compiler 'V5.06 update 5 (build 528)', folder: 'F:\Keil_v5\ARM\ARMCC\Bin'
Rebuild target 'STM32F407VG-Discovery'
assembling startup_stm32f407xx.s...
compiling stm32f4xx_it.c...
compiling misc.c...
compiling stm32f4xx_syscfg.c...
compiling main.c...
compiling stm32f4xx_pwr.c...
compiling stm32f4xx_gpio.c...
compiling stm32f4xx_flash.c...
compiling stm32f4xx_rcc.c...
compiling system_stm32f4xx.c...
compiling system.c...
compiling led.c...
compiling io.c...
src\quad\drivers\io.c(94): warning:  #188-D: enumerated type mixed with another type
  		.GPIO_Mode      = (cfg >> 0) & 0x03,
src\quad\drivers\io.c(95): warning:  #188-D: enumerated type mixed with another type
  		.GPIO_Speed		= (cfg >> 2) & 0x03,
src\quad\drivers\io.c(96): warning:  #188-D: enumerated type mixed with another type
  		.GPIO_OType		= (cfg >> 4) & 0x01,
src\quad\drivers\io.c(97): warning:  #188-D: enumerated type mixed with another type
  		.GPIO_PuPd		= (cfg >> 5) & 0x03,
src\quad\drivers\io.c: 4 warnings, 0 errors
compiling rcc.c...
compiling config.c...
linking...
Program Size: Code=2238 RO-data=442 RW-data=56 ZI-data=2192  
FromELF: creating hex file...
".\Objects\2-GPIO.axf" - 0 Error(s), 4 Warning(s).

<h2>Software Packages used:</h2>

Package Vendor: Keil
                http://www.keil.com/pack/Keil.STM32F4xx_DFP.2.11.0.pack
                Keil.STM32F4xx_DFP.2.11.0
                STMicroelectronics STM32F4 Series Device Support, Drivers and Examples

<h2>Collection of Component include folders:</h2>
  .\RTE\_STM32F407VG-Discovery
  F:\Keil_v5\ARM\PACK\Keil\STM32F4xx_DFP\2.11.0\Drivers\CMSIS\Device\ST\STM32F4xx\Include

<h2>Collection of Component Files used:</h2>
Build Time Elapsed:  00:00:17
</pre>
</body>
</html>
